[debug] [2025-02-24T13:27:41.025Z] ----------------------------------------------------------------------
[debug] [2025-02-24T13:27:41.028Z] Command:       C:\Program Files\nodejs\node.exe C:\Users\anyaa\AppData\Roaming\npm\node_modules\firebase-tools\lib\bin\firebase.js login
[debug] [2025-02-24T13:27:41.028Z] CLI Version:   13.31.2
[debug] [2025-02-24T13:27:41.028Z] Platform:      win32
[debug] [2025-02-24T13:27:41.028Z] Node Version:  v22.14.0
[debug] [2025-02-24T13:27:41.029Z] Time:          Mon Feb 24 2025 15:27:41 GMT+0200 (за східноєвропейським стандартним часом)
[debug] [2025-02-24T13:27:41.029Z] ----------------------------------------------------------------------
[debug] 
[debug] [2025-02-24T13:27:41.031Z] >>> [apiv2][query] GET https://firebase-public.firebaseio.com/cli.json [none]
[info] i  Firebase optionally collects CLI and Emulator Suite usage and error reporting information to help improve our products. Data is collected in accordance with Google's privacy policy (https://policies.google.com/privacy) and is not used to identify you.
 
[debug] [2025-02-24T13:27:41.395Z] <<< [apiv2][status] GET https://firebase-public.firebaseio.com/cli.json 200
[debug] [2025-02-24T13:27:41.395Z] <<< [apiv2][body] GET https://firebase-public.firebaseio.com/cli.json {"cloudBuildErrorAfter":1594252800000,"cloudBuildWarnAfter":1590019200000,"defaultNode10After":1594252800000,"minVersion":"3.0.5","node8DeploysDisabledAfter":1613390400000,"node8RuntimeDisabledAfter":1615809600000,"node8WarnAfter":1600128000000}
[info] i  To change your data collection preference at any time, run `firebase logout` and log in again. 
[info] 
[info] Visit this URL on this device to log in:
[info] https://accounts.google.com/o/oauth2/auth?client_id=563584335869-fgrhgmd47bqnekij5i8b5pr03ho849e6.apps.googleusercontent.com&scope=email%20openid%20https%3A%2F%2Fwww.googleapis.com%2Fauth%2Fcloudplatformprojects.readonly%20https%3A%2F%2Fwww.googleapis.com%2Fauth%2Ffirebase%20https%3A%2F%2Fwww.googleapis.com%2Fauth%2Fcloud-platform&response_type=code&state=133187900&redirect_uri=http%3A%2F%2Flocalhost%3A9005
[info] 
[info] Waiting for authentication...
[debug] [2025-02-24T13:27:50.610Z] Error: spawn cmd ENOENT
    at ChildProcess._handle.onexit (node:internal/child_process:285:19)
    at onErrorNT (node:internal/child_process:483:16)
    at process.processTicksAndRejections (node:internal/process/task_queues:90:21)
[error] 
[error] Error: An unexpected error has occurred.
[debug] [2025-02-24T13:28:23.214Z] ----------------------------------------------------------------------
[debug] [2025-02-24T13:28:23.216Z] Command:       C:\Program Files\nodejs\node.exe C:\Users\anyaa\AppData\Roaming\npm\node_modules\firebase-tools\lib\bin\firebase.js login
[debug] [2025-02-24T13:28:23.216Z] CLI Version:   13.31.2
[debug] [2025-02-24T13:28:23.217Z] Platform:      win32
[debug] [2025-02-24T13:28:23.217Z] Node Version:  v22.14.0
[debug] [2025-02-24T13:28:23.217Z] Time:          Mon Feb 24 2025 15:28:23 GMT+0200 (за східноєвропейським стандартним часом)
[debug] [2025-02-24T13:28:23.217Z] ----------------------------------------------------------------------
[debug] 
[info] i  Firebase optionally collects CLI and Emulator Suite usage and error reporting information to help improve our products. Data is collected in accordance with Google's privacy policy (https://policies.google.com/privacy) and is not used to identify you.
 
[info] i  To change your data collection preference at any time, run `firebase logout` and log in again. 
[info] 
[info] Visit this URL on this device to log in:
[info] https://accounts.google.com/o/oauth2/auth?client_id=563584335869-fgrhgmd47bqnekij5i8b5pr03ho849e6.apps.googleusercontent.com&scope=email%20openid%20https%3A%2F%2Fwww.googleapis.com%2Fauth%2Fcloudplatformprojects.readonly%20https%3A%2F%2Fwww.googleapis.com%2Fauth%2Ffirebase%20https%3A%2F%2Fwww.googleapis.com%2Fauth%2Fcloud-platform&response_type=code&state=103332120&redirect_uri=http%3A%2F%2Flocalhost%3A9005
[info] 
[info] Waiting for authentication...
[debug] [2025-02-24T13:28:25.429Z] Error: spawn cmd ENOENT
    at ChildProcess._handle.onexit (node:internal/child_process:285:19)
    at onErrorNT (node:internal/child_process:483:16)
    at process.processTicksAndRejections (node:internal/process/task_queues:90:21)
[error] 
[error] Error: An unexpected error has occurred.
[debug] [2025-02-24T13:28:25.672Z] >>> [apiv2][query] POST https://auth.firebase.tools/attest [none]
